........................................................................ [  2%]
.......................................s................................ [  5%]
........................................................................ [  8%]
........................................................................ [ 11%]
........................................................................ [ 14%]
........................................................................ [ 17%]
........................................................................ [ 20%]
........................................................................ [ 23%]
........................................................................ [ 26%]
........................................................................ [ 29%]
........................................................................ [ 32%]
........................................................................ [ 35%]
........................................................................ [ 38%]
........................................................................ [ 41%]
........................................................................ [ 44%]
........................................................................ [ 47%]
........................................................................ [ 50%]
........................................................................ [ 53%]
........................................................................ [ 56%]
...............................................ssss..................... [ 59%]
........................................................................ [ 62%]
........................................................................ [ 65%]
........................................................................ [ 68%]
........................................................................ [ 71%]
........................................................................ [ 74%]
........................................................................ [ 77%]
........................................................................ [ 79%]
.............................................ss......................... [ 82%]
........................................................................ [ 85%]
........................................................................ [ 88%]
................................................s..........s............ [ 91%]
........................................................................ [ 94%]
........................................................................ [ 97%]
.......................................................                  [100%]
=============================== warnings summary ===============================
../ParkWeave-restored/.venv/lib/python3.12/site-packages/fastapi/testclient.py:1
  /workspace/ParkWeave-restored/.venv/lib/python3.12/site-packages/fastapi/testclient.py:1: StarletteDeprecationWarning: Using `httpx` with `starlette.testclient` is deprecated; install `httpx2` instead.
    from starlette.testclient import TestClient as TestClient  # noqa

../ParkWeave-restored/.venv/lib/python3.12/site-packages/platformdirs/api.py:459
  /workspace/ParkWeave-restored/.venv/lib/python3.12/site-packages/platformdirs/api.py:459: RuntimeDirWarning: XDG_RUNTIME_DIR is not set, falling back to /tmp/runtime-1000
    return Path(self.user_runtime_dir)

-- Docs: https://docs.pytest.org/en/stable/how-to/capture-warnings.html
2422 passed, 9 skipped, 2 warnings in 637.13s (0:10:37)
