........................................................................ [  2%]
.......................................s................................ [  5%]
........................................................................ [  8%]
........................................................................ [ 11%]
........................................................................ [ 14%]
........................................................................ [ 17%]
........................................................................ [ 20%]
........................................................................ [ 23%]
........................................................................ [ 26%]
........................................................................ [ 29%]
........................................................................ [ 32%]
........................................................................ [ 34%]
........................................................................ [ 37%]
........................................................................ [ 40%]
........................................................................ [ 43%]
........................................................................ [ 46%]
........................................................................ [ 49%]
........................................................................ [ 52%]
........................................................................ [ 55%]
.....................................................................sss [ 58%]
s....................................................................... [ 61%]
........................................................................ [ 64%]
........................................................................ [ 66%]
........................................................................ [ 69%]
........................................................................ [ 72%]
........................................................................ [ 75%]
........................................................................ [ 78%]
........................................................................ [ 81%]
..............ss........................................................ [ 84%]
........................................................................ [ 87%]
........................................................................ [ 90%]
.................s..........s........................................... [ 93%]
........................................................................ [ 96%]
........................................................................ [ 99%]
........................                                                 [100%]
=============================== warnings summary ===============================
../ParkWeave-restored/.venv/lib/python3.12/site-packages/fastapi/testclient.py:1
  /workspace/ParkWeave-restored/.venv/lib/python3.12/site-packages/fastapi/testclient.py:1: StarletteDeprecationWarning: Using `httpx` with `starlette.testclient` is deprecated; install `httpx2` instead.
    from starlette.testclient import TestClient as TestClient  # noqa

../ParkWeave-restored/.venv/lib/python3.12/site-packages/platformdirs/api.py:459
  /workspace/ParkWeave-restored/.venv/lib/python3.12/site-packages/platformdirs/api.py:459: RuntimeDirWarning: XDG_RUNTIME_DIR is not set, falling back to /tmp/runtime-1000
    return Path(self.user_runtime_dir)

-- Docs: https://docs.pytest.org/en/stable/how-to/capture-warnings.html
2463 passed, 9 skipped, 2 warnings in 665.95s (0:11:05)
