........................................................................ [ 35%]
....s....................................s.............................. [ 70%]
............F................................................            [100%]
=================================== FAILURES ===================================
_______ test_committed_allowlist_exactly_matches_trusted_test_functions ________

    def test_committed_allowlist_exactly_matches_trusted_test_functions():
        m=module('diagnostics');expected=set()
        for path in (ROOT/'tests').glob('test_*.py'):
            for node in ast.parse(path.read_text(encoding='utf-8')).body:
                if isinstance(node,(ast.FunctionDef,ast.AsyncFunctionDef)) and node.name.startswith('test_'):expected.add(str(path.relative_to(ROOT)).replace('\\','/')+'::'+node.name)
                elif isinstance(node,ast.ClassDef) and node.name[0].isalpha() and node.name.isascii():
                    for method in node.body:
                        if isinstance(method,(ast.FunctionDef,ast.AsyncFunctionDef)) and method.name.startswith('test_'):
                            expected.add(str(path.relative_to(ROOT)).replace('\\','/')+'::'+node.name+'::'+method.name)
>       assert m._allowed_tests()==expected
E       AssertionError: assert frozenset({'t...l_zero', ...}) == {'tests/test_...al_zero', ...}
E         
E         Extra items in the right set:
E         'tests/test_lifecycle.py::test_first_setup_pause_precedes_all_install_and_database_side_effects'
E         'tests/test_lifecycle.py::test_fresh_doctor_reports_setup_pause_without_dsn_or_dependency_install'
E         'tests/test_lifecycle.py::test_setup_cli_emits_fixed_pause_and_nonzero_before_side_effects'
E         Use -v to get more diff

tests/test_ci_diagnostics.py:91: AssertionError
=============================== warnings summary ===============================
../ParkWeave-restored/.venv/lib/python3.12/site-packages/fastapi/testclient.py:1
  /workspace/ParkWeave-restored/.venv/lib/python3.12/site-packages/fastapi/testclient.py:1: StarletteDeprecationWarning: Using `httpx` with `starlette.testclient` is deprecated; install `httpx2` instead.
    from starlette.testclient import TestClient as TestClient  # noqa

tests/test_lifecycle_diagnostics.py::test_real_isolated_local_database_scope_schema_and_role
  /workspace/ParkWeave-restored/.venv/lib/python3.12/site-packages/platformdirs/api.py:459: RuntimeDirWarning: XDG_RUNTIME_DIR is not set, falling back to /tmp/runtime-1000
    return Path(self.user_runtime_dir)

-- Docs: https://docs.pytest.org/en/stable/how-to/capture-warnings.html
=========================== short test summary info ============================
FAILED tests/test_ci_diagnostics.py::test_committed_allowlist_exactly_matches_trusted_test_functions
1 failed, 202 passed, 2 skipped, 2 warnings in 5.28s
