........................ssssssssss......F....sss                         [100%]
=================================== FAILURES ===================================
_______ test_setup_checks_created_config_and_sessions_without_acl_repair _______
tests/test_acl_readonly.py:109: in test_setup_checks_created_config_and_sessions_without_acl_repair
    assert calls==['precheck','final_check'] and 'Setup candidate complete' not in capsys.readouterr().out
E   AssertionError: assert ([] == ['precheck', 'final_check']
E     
E     Right contains 2 more items, first extra item: 'precheck'
E     Use -v to get more diff)
=============================== warnings summary ===============================
.venv/lib/python3.12/site-packages/fastapi/testclient.py:1
  /workspace/ParkWeave/.venv/lib/python3.12/site-packages/fastapi/testclient.py:1: StarletteDeprecationWarning: Using `httpx` with `starlette.testclient` is deprecated; install `httpx2` instead.
    from starlette.testclient import TestClient as TestClient  # noqa

tests/test_case_fact_clarifications_integration.py::test_declared_profile_blocks_original_human_review_until_actual_fact_choices
  /workspace/ParkWeave/.venv/lib/python3.12/site-packages/platformdirs/api.py:459: RuntimeDirWarning: XDG_RUNTIME_DIR is not set, falling back to /tmp/runtime-1000
    return Path(self.user_runtime_dir)

-- Docs: https://docs.pytest.org/en/stable/how-to/capture-warnings.html
=========================== short test summary info ============================
FAILED tests/test_acl_readonly.py::test_setup_checks_created_config_and_sessions_without_acl_repair
1 failed, 34 passed, 13 skipped, 2 warnings in 24.50s
